C:\Users\superman\Desktop\427\SpaceInvadersFinalHW\SpaceInvaderTestHW2\implementation\system.ngc 1479512821
C:/Users/superman/Desktop/427/SpaceInvadersFinalHW/SpaceInvaderTestHW2/implementation/push_buttons_5bits_wrapper.ngc 1479512583
C:/Users/superman/Desktop/427/SpaceInvadersFinalHW/SpaceInvaderTestHW2/implementation/rs232_uart_1_wrapper.ngc 1479512721
C:/Users/superman/Desktop/427/SpaceInvadersFinalHW/SpaceInvaderTestHW2/implementation/proc_sys_reset_0_wrapper.ngc 1479512373
C:/Users/superman/Desktop/427/SpaceInvadersFinalHW/SpaceInvaderTestHW2/implementation/clock_generator_0_wrapper.ngc 1479512786
C:/Users/superman/Desktop/427/SpaceInvadersFinalHW/SpaceInvaderTestHW2/implementation/axi_hdmi_0_wrapper.ngc 1479512592
C:/Users/superman/Desktop/427/SpaceInvadersFinalHW/SpaceInvaderTestHW2/implementation/axi_ac97_0_wrapper.ngc 1479512601
C:/Users/superman/Desktop/427/SpaceInvadersFinalHW/SpaceInvaderTestHW2/implementation/nes_controller_0_wrapper.ngc 1479512775
C:/Users/superman/Desktop/427/SpaceInvadersFinalHW/SpaceInvaderTestHW2/implementation/microblaze_0_ilmb_wrapper.ngc 1479512778
C:/Users/superman/Desktop/427/SpaceInvadersFinalHW/SpaceInvaderTestHW2/implementation/microblaze_0_dlmb_wrapper.ngc 1479512780
C:/Users/superman/Desktop/427/SpaceInvadersFinalHW/SpaceInvaderTestHW2/implementation/mcb_ddr2_wrapper.ngc 1479512798
C:/Users/superman/Desktop/427/SpaceInvadersFinalHW/SpaceInvaderTestHW2/implementation/axi4lite_0_wrapper.ngc 1479512792
C:/Users/superman/Desktop/427/SpaceInvadersFinalHW/SpaceInvaderTestHW2/implementation/axi4_0_wrapper.ngc 1479512795
C:/Users/superman/Desktop/427/SpaceInvadersFinalHW/SpaceInvaderTestHW2/implementation/microblaze_0_wrapper.ngc 1479512783
C:/Users/superman/Desktop/427/SpaceInvadersFinalHW/SpaceInvaderTestHW2/implementation/axi_vdma_0_wrapper.ngc 1479512789
C:/Users/superman/Desktop/427/SpaceInvadersFinalHW/SpaceInvaderTestHW2/implementation/axi_intc_0_wrapper.ngc 1479512752
C:/Users/superman/Desktop/427/SpaceInvadersFinalHW/SpaceInvaderTestHW2/implementation/microblaze_0_i_bram_ctrl_wrapper.ngc 1479512383
C:/Users/superman/Desktop/427/SpaceInvadersFinalHW/SpaceInvaderTestHW2/implementation/microblaze_0_d_bram_ctrl_wrapper.ngc 1479512391
C:/Users/superman/Desktop/427/SpaceInvadersFinalHW/SpaceInvaderTestHW2/implementation/debug_module_wrapper.ngc 1479512454
C:/Users/superman/Desktop/427/SpaceInvadersFinalHW/SpaceInvaderTestHW2/implementation/digilent_quadspi_cntlr_wrapper.ngc 1479512744
C:/Users/superman/Desktop/427/SpaceInvadersFinalHW/SpaceInvaderTestHW2/implementation/axi_timer_0_wrapper.ngc 1479512762
C:/Users/superman/Desktop/427/SpaceInvadersFinalHW/SpaceInvaderTestHW2/implementation/fit_timer_0_wrapper.ngc 1479512767
C:/Users/superman/Desktop/427/SpaceInvadersFinalHW/SpaceInvaderTestHW2/implementation/microblaze_0_bram_block_wrapper.ngc 1479512397
