C:\Users\superman\Desktop\427\SpaceInvadersCreativeHW\implementation\system.ngc 1481235645
C:/Users/superman/Desktop/427/SpaceInvadersCreativeHW/implementation/push_buttons_5bits_wrapper.ngc 1481235574
C:/Users/superman/Desktop/427/SpaceInvadersCreativeHW/implementation/switches_wrapper.ngc 1481235574
C:/Users/superman/Desktop/427/SpaceInvadersCreativeHW/implementation/rs232_uart_1_wrapper.ngc 1481235574
C:/Users/superman/Desktop/427/SpaceInvadersCreativeHW/implementation/proc_sys_reset_0_wrapper.ngc 1481235574
C:/Users/superman/Desktop/427/SpaceInvadersCreativeHW/implementation/clock_generator_0_wrapper.ngc 1481235621
C:/Users/superman/Desktop/427/SpaceInvadersCreativeHW/implementation/axi_hdmi_0_wrapper.ngc 1481235574
C:/Users/superman/Desktop/427/SpaceInvadersCreativeHW/implementation/axi_ac97_0_wrapper.ngc 1481235591
C:/Users/superman/Desktop/427/SpaceInvadersCreativeHW/implementation/nes_controller_0_wrapper.ngc 1481235607
C:/Users/superman/Desktop/427/SpaceInvadersCreativeHW/implementation/microblaze_0_ilmb_wrapper.ngc 1481235574
C:/Users/superman/Desktop/427/SpaceInvadersCreativeHW/implementation/microblaze_0_dlmb_wrapper.ngc 1481235574
C:/Users/superman/Desktop/427/SpaceInvadersCreativeHW/implementation/mcb_ddr2_wrapper.ngc 1481235574
C:/Users/superman/Desktop/427/SpaceInvadersCreativeHW/implementation/axi4lite_0_wrapper.ngc 1481235574
C:/Users/superman/Desktop/427/SpaceInvadersCreativeHW/implementation/axi4_0_wrapper.ngc 1481235574
C:/Users/superman/Desktop/427/SpaceInvadersCreativeHW/implementation/microblaze_0_wrapper.ngc 1481235574
C:/Users/superman/Desktop/427/SpaceInvadersCreativeHW/implementation/axi_vdma_0_wrapper.ngc 1481235574
C:/Users/superman/Desktop/427/SpaceInvadersCreativeHW/implementation/axi_intc_0_wrapper.ngc 1481235574
C:/Users/superman/Desktop/427/SpaceInvadersCreativeHW/implementation/microblaze_0_i_bram_ctrl_wrapper.ngc 1481235574
C:/Users/superman/Desktop/427/SpaceInvadersCreativeHW/implementation/microblaze_0_d_bram_ctrl_wrapper.ngc 1481235574
C:/Users/superman/Desktop/427/SpaceInvadersCreativeHW/implementation/debug_module_wrapper.ngc 1481235574
C:/Users/superman/Desktop/427/SpaceInvadersCreativeHW/implementation/digilent_quadspi_cntlr_wrapper.ngc 1481235574
C:/Users/superman/Desktop/427/SpaceInvadersCreativeHW/implementation/axi_timer_0_wrapper.ngc 1481235574
C:/Users/superman/Desktop/427/SpaceInvadersCreativeHW/implementation/fit_timer_0_wrapper.ngc 1481235574
C:/Users/superman/Desktop/427/SpaceInvadersCreativeHW/implementation/pit_timer_0_wrapper.ngc 1481235599
C:/Users/superman/Desktop/427/SpaceInvadersCreativeHW/implementation/dma_controller_0_wrapper.ngc 1481235618
C:/Users/superman/Desktop/427/SpaceInvadersCreativeHW/implementation/microblaze_0_bram_block_wrapper.ngc 1481235574
OK
